---
source: tests/snapshot.rs
expression: sparse_matrices
---
[
    SparseMatrix {
        col_a_id: 0,
        col_a_name: "a",
        col_b_id: 3,
        col_b_name: "a",
        dimension: 128,
        sparse_matrix_persistor: InMemorySparseMatrixPersistor {
            entity_count: 6,
            edge_count: 77,
            hash_2_id: {
                0: 0,
                13238837134403314746: 3,
                14710143206259780207: 4,
                2596444481629440690: 5,
                5785750101991912937: 1,
                18279053511379946123: 2,
            },
            id_2_hash: {
                0: 0,
                5: 2596444481629440690,
                2: 18279053511379946123,
                4: 14710143206259780207,
                1: 5785750101991912937,
                3: 13238837134403314746,
            },
            hash_2_count: {
                0: 46,
                13238837134403314746: 28,
                14710143206259780207: 12,
                2596444481629440690: 16,
                5785750101991912937: 34,
                18279053511379946123: 18,
            },
            row_sum: [
                1.8333336,
                1.1666666,
                0.6666666,
                1.1666667,
                0.66666675,
                0.5,
            ],
            pair_index: {
                0: 0,
                35: 25,
                26: 19,
                23: 15,
                20: 12,
                8: 8,
                5: 6,
                2: 2,
                31: 20,
                28: 21,
                25: 23,
                19: 14,
                16: 11,
                13: 18,
                10: 17,
                7: 7,
                4: 3,
                1: 1,
                33: 22,
                30: 24,
                24: 16,
                15: 13,
                12: 10,
                9: 9,
                6: 4,
                3: 5,
            },
            entries: [
                Entry {
                    row: 0,
                    col: 0,
                    value: 0.5694444,
                },
                Entry {
                    row: 0,
                    col: 1,
                    value: 0.34722224,
                },
                Entry {
                    row: 1,
                    col: 0,
                    value: 0.34722224,
                },
                Entry {
                    row: 0,
                    col: 2,
                    value: 0.22222224,
                },
                Entry {
                    row: 2,
                    col: 0,
                    value: 0.22222224,
                },
                Entry {
                    row: 1,
                    col: 1,
                    value: 0.34722224,
                },
                Entry {
                    row: 1,
                    col: 2,
                    value: 0.22222224,
                },
                Entry {
                    row: 2,
                    col: 1,
                    value: 0.22222224,
                },
                Entry {
                    row: 2,
                    col: 2,
                    value: 0.22222224,
                },
                Entry {
                    row: 0,
                    col: 3,
                    value: 0.3472222,
                },
                Entry {
                    row: 3,
                    col: 0,
                    value: 0.3472222,
                },
                Entry {
                    row: 0,
                    col: 4,
                    value: 0.22222222,
                },
                Entry {
                    row: 4,
                    col: 0,
                    value: 0.22222222,
                },
                Entry {
                    row: 3,
                    col: 3,
                    value: 0.3472222,
                },
                Entry {
                    row: 3,
                    col: 4,
                    value: 0.22222222,
                },
                Entry {
                    row: 4,
                    col: 3,
                    value: 0.22222222,
                },
                Entry {
                    row: 4,
                    col: 4,
                    value: 0.22222222,
                },
                Entry {
                    row: 1,
                    col: 3,
                    value: 0.125,
                },
                Entry {
                    row: 3,
                    col: 1,
                    value: 0.125,
                },
                Entry {
                    row: 1,
                    col: 5,
                    value: 0.125,
                },
                Entry {
                    row: 5,
                    col: 1,
                    value: 0.125,
                },
                Entry {
                    row: 3,
                    col: 5,
                    value: 0.125,
                },
                Entry {
                    row: 5,
                    col: 3,
                    value: 0.125,
                },
                Entry {
                    row: 0,
                    col: 5,
                    value: 0.125,
                },
                Entry {
                    row: 5,
                    col: 0,
                    value: 0.125,
                },
                Entry {
                    row: 5,
                    col: 5,
                    value: 0.125,
                },
            ],
        },
    },
    SparseMatrix {
        col_a_id: 0,
        col_a_name: "a",
        col_b_id: 1,
        col_b_name: "b",
        dimension: 128,
        sparse_matrix_persistor: InMemorySparseMatrixPersistor {
            entity_count: 8,
            edge_count: 77,
            hash_2_id: {
                0: 0,
                8103484332547480218: 1,
                13238837134403314746: 5,
                18279053511379946123: 3,
                2596444481629440690: 7,
                10392296954106637551: 4,
                14710143206259780207: 6,
                5785750101991912937: 2,
            },
            id_2_hash: {
                0: 0,
                7: 2596444481629440690,
                4: 10392296954106637551,
                1: 8103484332547480218,
                5: 13238837134403314746,
                2: 5785750101991912937,
                6: 14710143206259780207,
                3: 18279053511379946123,
            },
            hash_2_count: {
                0: 23,
                8103484332547480218: 59,
                13238837134403314746: 14,
                18279053511379946123: 9,
                2596444481629440690: 8,
                10392296954106637551: 18,
                14710143206259780207: 6,
                5785750101991912937: 17,
            },
            row_sum: [
                0.9166668,
                1.9999998,
                0.5833334,
                0.33333337,
                1.0000002,
                0.5833334,
                0.33333334,
                0.25,
            ],
            pair_index: {
                29: 9,
                26: 13,
                20: 7,
                46: 10,
                40: 11,
                5: 3,
                2: 1,
                34: 8,
                31: 12,
                57: 14,
                16: 6,
                13: 4,
                10: 5,
                7: 2,
                1: 0,
                50: 15,
            },
            entries: [
                Entry {
                    row: 0,
                    col: 1,
                    value: 0.5833334,
                },
                Entry {
                    row: 1,
                    col: 0,
                    value: 0.5833334,
                },
                Entry {
                    row: 2,
                    col: 1,
                    value: 0.5833334,
                },
                Entry {
                    row: 1,
                    col: 2,
                    value: 0.5833334,
                },
                Entry {
                    row: 3,
                    col: 1,
                    value: 0.33333337,
                },
                Entry {
                    row: 1,
                    col: 3,
                    value: 0.33333337,
                },
                Entry {
                    row: 0,
                    col: 4,
                    value: 0.33333334,
                },
                Entry {
                    row: 4,
                    col: 0,
                    value: 0.33333334,
                },
                Entry {
                    row: 5,
                    col: 4,
                    value: 0.33333334,
                },
                Entry {
                    row: 4,
                    col: 5,
                    value: 0.33333334,
                },
                Entry {
                    row: 6,
                    col: 4,
                    value: 0.33333334,
                },
                Entry {
                    row: 4,
                    col: 6,
                    value: 0.33333334,
                },
                Entry {
                    row: 5,
                    col: 1,
                    value: 0.25,
                },
                Entry {
                    row: 1,
                    col: 5,
                    value: 0.25,
                },
                Entry {
                    row: 7,
                    col: 1,
                    value: 0.25,
                },
                Entry {
                    row: 1,
                    col: 7,
                    value: 0.25,
                },
            ],
        },
    },
    SparseMatrix {
        col_a_id: 0,
        col_a_name: "a",
        col_b_id: 2,
        col_b_name: "c",
        dimension: 128,
        sparse_matrix_persistor: InMemorySparseMatrixPersistor {
            entity_count: 9,
            edge_count: 77,
            hash_2_id: {
                0: 0,
                15837096338808335664: 3,
                13238837134403314746: 6,
                15555829607237049207: 2,
                18279053511379946123: 5,
                16291251679096942939: 1,
                2596444481629440690: 8,
                14710143206259780207: 7,
                5785750101991912937: 4,
            },
            id_2_hash: {
                0: 0,
                7: 14710143206259780207,
                4: 5785750101991912937,
                1: 16291251679096942939,
                8: 2596444481629440690,
                5: 18279053511379946123,
                2: 15555829607237049207,
                6: 13238837134403314746,
                3: 15837096338808335664,
            },
            hash_2_count: {
                0: 23,
                15837096338808335664: 18,
                13238837134403314746: 14,
                15555829607237049207: 25,
                18279053511379946123: 9,
                16291251679096942939: 34,
                2596444481629440690: 8,
                14710143206259780207: 6,
                5785750101991912937: 17,
            },
            row_sum: [
                0.9166668,
                1.3333335,
                0.8333334,
                0.83333355,
                0.5833334,
                0.33333337,
                0.5833334,
                0.33333334,
                0.25,
            ],
            pair_index: {
                52: 23,
                43: 20,
                37: 21,
                31: 12,
                28: 17,
                22: 8,
                19: 11,
                74: 30,
                4: 2,
                1: 0,
                65: 29,
                59: 22,
                50: 25,
                44: 26,
                38: 27,
                32: 14,
                26: 13,
                23: 10,
                17: 7,
                2: 1,
                66: 31,
                57: 24,
                45: 18,
                39: 19,
                33: 16,
                27: 15,
                21: 6,
                18: 9,
                12: 5,
                9: 4,
                6: 3,
                73: 28,
            },
            entries: [
                Entry {
                    row: 0,
                    col: 1,
                    value: 0.4027778,
                },
                Entry {
                    row: 1,
                    col: 0,
                    value: 0.4027778,
                },
                Entry {
                    row: 0,
                    col: 2,
                    value: 0.2361111,
                },
                Entry {
                    row: 2,
                    col: 0,
                    value: 0.2361111,
                },
                Entry {
                    row: 0,
                    col: 3,
                    value: 0.2777778,
                },
                Entry {
                    row: 3,
                    col: 0,
                    value: 0.2777778,
                },
                Entry {
                    row: 4,
                    col: 1,
                    value: 0.2361111,
                },
                Entry {
                    row: 1,
                    col: 4,
                    value: 0.2361111,
                },
                Entry {
                    row: 4,
                    col: 2,
                    value: 0.2361111,
                },
                Entry {
                    row: 2,
                    col: 4,
                    value: 0.2361111,
                },
                Entry {
                    row: 4,
                    col: 3,
                    value: 0.11111111,
                },
                Entry {
                    row: 3,
                    col: 4,
                    value: 0.11111111,
                },
                Entry {
                    row: 5,
                    col: 1,
                    value: 0.11111111,
                },
                Entry {
                    row: 1,
                    col: 5,
                    value: 0.11111111,
                },
                Entry {
                    row: 5,
                    col: 2,
                    value: 0.11111111,
                },
                Entry {
                    row: 2,
                    col: 5,
                    value: 0.11111111,
                },
                Entry {
                    row: 5,
                    col: 3,
                    value: 0.11111111,
                },
                Entry {
                    row: 3,
                    col: 5,
                    value: 0.11111111,
                },
                Entry {
                    row: 6,
                    col: 3,
                    value: 0.16666667,
                },
                Entry {
                    row: 3,
                    col: 6,
                    value: 0.16666667,
                },
                Entry {
                    row: 6,
                    col: 1,
                    value: 0.2916667,
                },
                Entry {
                    row: 1,
                    col: 6,
                    value: 0.2916667,
                },
                Entry {
                    row: 7,
                    col: 3,
                    value: 0.16666667,
                },
                Entry {
                    row: 3,
                    col: 7,
                    value: 0.16666667,
                },
                Entry {
                    row: 7,
                    col: 1,
                    value: 0.16666667,
                },
                Entry {
                    row: 1,
                    col: 7,
                    value: 0.16666667,
                },
                Entry {
                    row: 6,
                    col: 2,
                    value: 0.125,
                },
                Entry {
                    row: 2,
                    col: 6,
                    value: 0.125,
                },
                Entry {
                    row: 8,
                    col: 1,
                    value: 0.125,
                },
                Entry {
                    row: 1,
                    col: 8,
                    value: 0.125,
                },
                Entry {
                    row: 8,
                    col: 2,
                    value: 0.125,
                },
                Entry {
                    row: 2,
                    col: 8,
                    value: 0.125,
                },
            ],
        },
    },
    SparseMatrix {
        col_a_id: 1,
        col_a_name: "b",
        col_b_id: 2,
        col_b_name: "c",
        dimension: 128,
        sparse_matrix_persistor: InMemorySparseMatrixPersistor {
            entity_count: 5,
            edge_count: 77,
            hash_2_id: {
                15837096338808335664: 3,
                8103484332547480218: 0,
                15555829607237049207: 2,
                10392296954106637551: 4,
                16291251679096942939: 1,
            },
            id_2_hash: {
                0: 8103484332547480218,
                2: 15555829607237049207,
                4: 10392296954106637551,
                1: 16291251679096942939,
                3: 15837096338808335664,
            },
            hash_2_count: {
                15837096338808335664: 18,
                8103484332547480218: 59,
                15555829607237049207: 25,
                10392296954106637551: 18,
                16291251679096942939: 34,
            },
            row_sum: [
                1.9999998,
                1.3333335,
                0.8333334,
                0.83333355,
                1.0000002,
            ],
            pair_index: {
                23: 6,
                4: 2,
                1: 0,
                17: 9,
                21: 8,
                2: 1,
                12: 5,
                9: 4,
                6: 3,
                19: 7,
            },
            entries: [
                Entry {
                    row: 0,
                    col: 1,
                    value: 0.8333334,
                },
                Entry {
                    row: 1,
                    col: 0,
                    value: 0.8333334,
                },
                Entry {
                    row: 0,
                    col: 2,
                    value: 0.8333334,
                },
                Entry {
                    row: 2,
                    col: 0,
                    value: 0.8333334,
                },
                Entry {
                    row: 0,
                    col: 3,
                    value: 0.33333337,
                },
                Entry {
                    row: 3,
                    col: 0,
                    value: 0.33333337,
                },
                Entry {
                    row: 4,
                    col: 3,
                    value: 0.5,
                },
                Entry {
                    row: 3,
                    col: 4,
                    value: 0.5,
                },
                Entry {
                    row: 4,
                    col: 1,
                    value: 0.5,
                },
                Entry {
                    row: 1,
                    col: 4,
                    value: 0.5,
                },
            ],
        },
    },
]
