---
source: tests/snapshot.rs
expression: in_memory_embedding_persistor
---
InMemoryEmbeddingPersistor {
    entity_count: 5,
    dimenstion: 128,
    entities: [
        InMemoryEntity {
            entity: "abb",
            occur_count: 59,
            vector: [
                0.117,
                -0.031,
                -0.143,
                0.102,
                -0.162,
                -0.134,
                -0.064,
                -0.059,
                0.069,
                0.063,
                -0.072,
                0.060,
                0.081,
                -0.120,
                0.029,
                0.194,
                0.068,
                0.088,
                -0.055,
                0.006,
                0.009,
                -0.051,
                -0.072,
                -0.164,
                0.002,
                0.194,
                -0.048,
                -0.066,
                -0.015,
                -0.099,
                0.007,
                -0.129,
                -0.083,
                0.104,
                0.125,
                -0.119,
                -0.027,
                -0.004,
                0.075,
                0.068,
                -0.071,
                -0.007,
                -0.099,
                -0.025,
                -0.037,
                -0.183,
                -0.055,
                0.068,
                -0.113,
                -0.075,
                -0.010,
                0.062,
                0.109,
                0.062,
                0.015,
                0.055,
                -0.100,
                0.006,
                0.135,
                -0.149,
                -0.155,
                0.048,
                -0.127,
                0.003,
                -0.106,
                -0.010,
                0.011,
                0.000,
                -0.144,
                -0.070,
                0.012,
                -0.037,
                0.074,
                0.109,
                0.081,
                -0.173,
                0.054,
                -0.091,
                0.047,
                -0.016,
                0.039,
                -0.066,
                0.116,
                0.117,
                -0.090,
                -0.029,
                -0.049,
                0.067,
                -0.054,
                0.072,
                -0.022,
                0.026,
                0.060,
                -0.031,
                0.027,
                0.092,
                -0.038,
                0.132,
                -0.037,
                -0.069,
                -0.184,
                -0.135,
                -0.059,
                -0.101,
                0.073,
                0.061,
                -0.082,
                0.107,
                -0.010,
                0.066,
                0.086,
                -0.095,
                0.046,
                -0.054,
                0.090,
                -0.172,
                -0.128,
                -0.002,
                0.036,
                0.015,
                0.099,
                -0.057,
                0.168,
                0.085,
                0.068,
                -0.003,
                -0.113,
                0.102,
            ],
        },
        InMemoryEntity {
            entity: "bcc",
            occur_count: 18,
            vector: [
                0.119,
                -0.030,
                -0.146,
                0.102,
                -0.166,
                -0.138,
                -0.075,
                -0.045,
                0.063,
                0.062,
                -0.080,
                0.052,
                0.074,
                -0.122,
                0.016,
                0.198,
                0.059,
                0.086,
                -0.063,
                -0.006,
                0.014,
                -0.049,
                -0.082,
                -0.167,
                0.013,
                0.198,
                -0.048,
                -0.051,
                -0.020,
                -0.091,
                -0.002,
                -0.136,
                -0.077,
                0.099,
                0.129,
                -0.115,
                -0.036,
                0.003,
                0.086,
                0.051,
                -0.075,
                0.004,
                -0.103,
                -0.037,
                -0.045,
                -0.186,
                -0.063,
                0.076,
                -0.106,
                -0.075,
                -0.013,
                0.066,
                0.114,
                0.046,
                0.025,
                0.063,
                -0.096,
                0.018,
                0.140,
                -0.152,
                -0.159,
                0.047,
                -0.129,
                0.004,
                -0.095,
                -0.022,
                0.022,
                0.002,
                -0.144,
                -0.054,
                0.023,
                -0.042,
                0.061,
                0.110,
                0.079,
                -0.175,
                0.063,
                -0.079,
                0.043,
                -0.025,
                0.040,
                -0.051,
                0.109,
                0.113,
                -0.096,
                -0.024,
                -0.040,
                0.071,
                -0.043,
                0.064,
                -0.032,
                0.036,
                0.056,
                -0.031,
                0.028,
                0.101,
                -0.026,
                0.128,
                -0.040,
                -0.058,
                -0.188,
                -0.130,
                -0.060,
                -0.100,
                0.073,
                0.064,
                -0.081,
                0.104,
                0.004,
                0.076,
                0.073,
                -0.100,
                0.031,
                -0.062,
                0.084,
                -0.175,
                -0.127,
                0.012,
                0.039,
                0.020,
                0.105,
                -0.054,
                0.169,
                0.075,
                0.070,
                -0.004,
                -0.108,
                0.092,
            ],
        },
        InMemoryEntity {
            entity: "r",
            occur_count: 34,
            vector: [
                0.094,
                0.083,
                -0.023,
                0.012,
                0.134,
                0.031,
                0.114,
                -0.057,
                0.059,
                -0.043,
                -0.170,
                0.086,
                -0.090,
                -0.006,
                -0.026,
                0.092,
                0.038,
                -0.006,
                -0.109,
                -0.028,
                -0.043,
                -0.170,
                -0.095,
                -0.036,
                -0.156,
                -0.046,
                -0.128,
                -0.051,
                -0.003,
                0.095,
                0.043,
                -0.022,
                0.106,
                0.012,
                0.118,
                0.115,
                0.082,
                0.053,
                0.030,
                0.009,
                0.152,
                0.142,
                0.042,
                -0.034,
                0.061,
                0.045,
                -0.041,
                -0.069,
                0.093,
                -0.047,
                0.051,
                0.112,
                -0.073,
                0.021,
                -0.095,
                -0.057,
                0.066,
                0.039,
                0.005,
                0.079,
                -0.057,
                0.219,
                -0.063,
                -0.003,
                0.004,
                -0.126,
                0.113,
                -0.093,
                0.024,
                -0.104,
                0.040,
                0.107,
                0.026,
                0.055,
                -0.072,
                0.032,
                0.090,
                0.127,
                -0.143,
                -0.140,
                -0.006,
                0.027,
                0.065,
                -0.099,
                0.060,
                0.050,
                -0.020,
                -0.207,
                0.069,
                -0.031,
                0.013,
                -0.057,
                0.193,
                0.103,
                -0.101,
                -0.064,
                0.035,
                0.025,
                0.126,
                0.003,
                -0.138,
                -0.103,
                -0.176,
                -0.038,
                0.078,
                0.040,
                -0.004,
                -0.102,
                0.163,
                0.012,
                0.040,
                -0.074,
                -0.064,
                0.240,
                -0.079,
                -0.098,
                -0.092,
                0.090,
                -0.143,
                -0.029,
                0.040,
                -0.064,
                0.066,
                0.035,
                -0.074,
                0.043,
                0.136,
                0.056,
            ],
        },
        InMemoryEntity {
            entity: "rr",
            occur_count: 18,
            vector: [
                0.088,
                0.082,
                -0.017,
                0.011,
                0.139,
                0.035,
                0.114,
                -0.061,
                0.059,
                -0.050,
                -0.166,
                0.089,
                -0.086,
                -0.010,
                -0.021,
                0.099,
                0.034,
                -0.010,
                -0.103,
                -0.030,
                -0.042,
                -0.173,
                -0.102,
                -0.035,
                -0.159,
                -0.046,
                -0.122,
                -0.048,
                -0.003,
                0.089,
                0.048,
                -0.026,
                0.102,
                0.011,
                0.123,
                0.113,
                0.085,
                0.047,
                0.036,
                0.015,
                0.149,
                0.142,
                0.043,
                -0.039,
                0.061,
                0.042,
                -0.040,
                -0.065,
                0.095,
                -0.052,
                0.045,
                0.118,
                -0.071,
                0.021,
                -0.094,
                -0.060,
                0.065,
                0.035,
                0.007,
                0.075,
                -0.050,
                0.218,
                -0.056,
                -0.010,
                0.009,
                -0.123,
                0.120,
                -0.088,
                0.026,
                -0.107,
                0.043,
                0.115,
                0.027,
                0.049,
                -0.076,
                0.030,
                0.098,
                0.131,
                -0.142,
                -0.140,
                -0.007,
                0.029,
                0.067,
                -0.094,
                0.061,
                0.052,
                -0.021,
                -0.206,
                0.064,
                -0.032,
                0.015,
                -0.064,
                0.194,
                0.098,
                -0.103,
                -0.059,
                0.032,
                0.022,
                0.123,
                -0.000,
                -0.140,
                -0.105,
                -0.176,
                -0.045,
                0.078,
                0.038,
                -0.009,
                -0.101,
                0.160,
                0.010,
                0.036,
                -0.078,
                -0.062,
                0.238,
                -0.082,
                -0.097,
                -0.090,
                0.093,
                -0.140,
                -0.031,
                0.036,
                -0.068,
                0.063,
                0.030,
                -0.080,
                0.037,
                0.135,
                0.054,
            ],
        },
        InMemoryEntity {
            entity: "rrr",
            occur_count: 25,
            vector: [
                0.105,
                0.084,
                -0.034,
                0.013,
                0.125,
                0.025,
                0.115,
                -0.052,
                0.058,
                -0.032,
                -0.175,
                0.081,
                -0.095,
                -0.000,
                -0.035,
                0.079,
                0.043,
                0.001,
                -0.118,
                -0.026,
                -0.043,
                -0.164,
                -0.082,
                -0.039,
                -0.151,
                -0.047,
                -0.138,
                -0.056,
                -0.002,
                0.103,
                0.034,
                -0.016,
                0.111,
                0.014,
                0.110,
                0.117,
                0.077,
                0.061,
                0.020,
                -0.002,
                0.155,
                0.142,
                0.039,
                -0.025,
                0.061,
                0.050,
                -0.042,
                -0.076,
                0.090,
                -0.039,
                0.060,
                0.101,
                -0.075,
                0.021,
                -0.097,
                -0.051,
                0.068,
                0.045,
                0.003,
                0.084,
                -0.068,
                0.219,
                -0.073,
                0.008,
                -0.003,
                -0.130,
                0.101,
                -0.100,
                0.022,
                -0.097,
                0.035,
                0.095,
                0.025,
                0.064,
                -0.066,
                0.036,
                0.076,
                0.119,
                -0.144,
                -0.141,
                -0.004,
                0.023,
                0.062,
                -0.106,
                0.059,
                0.046,
                -0.017,
                -0.209,
                0.077,
                -0.030,
                0.010,
                -0.047,
                0.191,
                0.110,
                -0.097,
                -0.071,
                0.038,
                0.030,
                0.129,
                0.010,
                -0.135,
                -0.100,
                -0.175,
                -0.026,
                0.077,
                0.042,
                0.004,
                -0.103,
                0.168,
                0.015,
                0.047,
                -0.067,
                -0.067,
                0.241,
                -0.073,
                -0.099,
                -0.096,
                0.085,
                -0.148,
                -0.025,
                0.047,
                -0.057,
                0.070,
                0.042,
                -0.065,
                0.052,
                0.138,
                0.060,
            ],
        },
    ],
}
