---
source: tests/snapshot.rs
expression: in_memory_embedding_persistor
---
InMemoryEmbeddingPersistor {
    entity_count: 9,
    dimenstion: 128,
    entities: [
        InMemoryEntity {
            entity: "a",
            occur_count: 23,
            vector: [
                -0.050,
                0.068,
                -0.038,
                -0.031,
                0.102,
                -0.093,
                -0.037,
                0.098,
                0.122,
                -0.003,
                -0.073,
                0.060,
                -0.158,
                0.048,
                0.130,
                0.061,
                0.015,
                0.178,
                -0.026,
                0.158,
                -0.077,
                0.116,
                0.026,
                0.023,
                0.108,
                0.032,
                0.061,
                -0.003,
                0.031,
                -0.133,
                0.195,
                -0.090,
                -0.021,
                -0.047,
                0.109,
                -0.026,
                0.098,
                0.077,
                0.067,
                0.037,
                -0.036,
                -0.030,
                0.199,
                0.071,
                -0.140,
                0.053,
                0.006,
                -0.001,
                -0.130,
                0.068,
                -0.101,
                0.016,
                0.151,
                0.047,
                0.115,
                0.134,
                0.087,
                0.049,
                0.098,
                -0.119,
                0.084,
                -0.004,
                0.131,
                -0.147,
                -0.100,
                0.034,
                0.016,
                -0.026,
                -0.028,
                0.056,
                -0.100,
                0.182,
                0.028,
                -0.030,
                0.112,
                0.030,
                -0.058,
                0.071,
                -0.040,
                0.095,
                0.099,
                0.070,
                0.065,
                0.006,
                0.197,
                -0.042,
                0.023,
                0.087,
                0.100,
                -0.026,
                0.019,
                0.165,
                -0.035,
                -0.185,
                -0.056,
                -0.074,
                0.031,
                0.069,
                -0.013,
                -0.161,
                0.053,
                0.131,
                -0.029,
                0.023,
                0.014,
                -0.142,
                -0.047,
                -0.069,
                0.018,
                -0.043,
                -0.042,
                0.007,
                -0.081,
                0.010,
                -0.121,
                -0.113,
                -0.171,
                0.051,
                0.076,
                -0.015,
                -0.062,
                0.085,
                -0.153,
                -0.066,
                0.062,
                -0.014,
                0.091,
                0.066,
            ],
        },
        InMemoryEntity {
            entity: "aa",
            occur_count: 8,
            vector: [
                -0.052,
                0.068,
                -0.036,
                -0.031,
                0.104,
                -0.089,
                -0.036,
                0.099,
                0.122,
                -0.005,
                -0.077,
                0.061,
                -0.157,
                0.048,
                0.131,
                0.061,
                0.016,
                0.178,
                -0.028,
                0.156,
                -0.078,
                0.113,
                0.025,
                0.018,
                0.106,
                0.030,
                0.060,
                -0.005,
                0.031,
                -0.132,
                0.196,
                -0.088,
                -0.020,
                -0.045,
                0.108,
                -0.029,
                0.099,
                0.076,
                0.066,
                0.039,
                -0.034,
                -0.030,
                0.199,
                0.070,
                -0.139,
                0.051,
                0.007,
                -0.004,
                -0.128,
                0.069,
                -0.102,
                0.018,
                0.149,
                0.044,
                0.115,
                0.136,
                0.085,
                0.051,
                0.101,
                -0.119,
                0.082,
                -0.007,
                0.129,
                -0.146,
                -0.101,
                0.036,
                0.016,
                -0.025,
                -0.027,
                0.054,
                -0.097,
                0.183,
                0.029,
                -0.029,
                0.114,
                0.028,
                -0.059,
                0.072,
                -0.040,
                0.097,
                0.100,
                0.069,
                0.065,
                0.005,
                0.197,
                -0.044,
                0.024,
                0.089,
                0.103,
                -0.027,
                0.018,
                0.164,
                -0.034,
                -0.186,
                -0.054,
                -0.071,
                0.033,
                0.069,
                -0.014,
                -0.162,
                0.052,
                0.133,
                -0.028,
                0.025,
                0.014,
                -0.143,
                -0.044,
                -0.068,
                0.020,
                -0.043,
                -0.041,
                0.006,
                -0.085,
                0.012,
                -0.122,
                -0.114,
                -0.174,
                0.052,
                0.075,
                -0.015,
                -0.065,
                0.086,
                -0.152,
                -0.063,
                0.059,
                -0.011,
                0.088,
                0.067,
            ],
        },
        InMemoryEntity {
            entity: "ab",
            occur_count: 14,
            vector: [
                -0.050,
                0.068,
                -0.038,
                -0.031,
                0.102,
                -0.093,
                -0.037,
                0.098,
                0.122,
                -0.003,
                -0.073,
                0.060,
                -0.159,
                0.048,
                0.130,
                0.061,
                0.015,
                0.178,
                -0.026,
                0.158,
                -0.077,
                0.116,
                0.027,
                0.023,
                0.108,
                0.032,
                0.061,
                -0.002,
                0.031,
                -0.133,
                0.194,
                -0.090,
                -0.021,
                -0.047,
                0.109,
                -0.026,
                0.098,
                0.077,
                0.067,
                0.037,
                -0.036,
                -0.030,
                0.199,
                0.071,
                -0.140,
                0.053,
                0.006,
                -0.001,
                -0.130,
                0.068,
                -0.101,
                0.016,
                0.151,
                0.047,
                0.115,
                0.134,
                0.087,
                0.049,
                0.098,
                -0.119,
                0.084,
                -0.004,
                0.131,
                -0.147,
                -0.100,
                0.034,
                0.016,
                -0.026,
                -0.029,
                0.056,
                -0.100,
                0.182,
                0.028,
                -0.030,
                0.112,
                0.030,
                -0.058,
                0.071,
                -0.040,
                0.095,
                0.099,
                0.070,
                0.065,
                0.006,
                0.197,
                -0.042,
                0.023,
                0.087,
                0.100,
                -0.026,
                0.019,
                0.165,
                -0.035,
                -0.185,
                -0.057,
                -0.074,
                0.031,
                0.069,
                -0.013,
                -0.161,
                0.054,
                0.131,
                -0.029,
                0.023,
                0.014,
                -0.142,
                -0.048,
                -0.069,
                0.018,
                -0.043,
                -0.042,
                0.007,
                -0.081,
                0.010,
                -0.121,
                -0.113,
                -0.171,
                0.051,
                0.076,
                -0.014,
                -0.062,
                0.085,
                -0.153,
                -0.066,
                0.062,
                -0.014,
                0.091,
                0.066,
            ],
        },
        InMemoryEntity {
            entity: "ba",
            occur_count: 17,
            vector: [
                -0.051,
                0.068,
                -0.037,
                -0.031,
                0.103,
                -0.091,
                -0.037,
                0.098,
                0.122,
                -0.004,
                -0.075,
                0.061,
                -0.158,
                0.048,
                0.130,
                0.061,
                0.016,
                0.178,
                -0.027,
                0.157,
                -0.078,
                0.115,
                0.026,
                0.020,
                0.107,
                0.031,
                0.060,
                -0.004,
                0.031,
                -0.133,
                0.195,
                -0.089,
                -0.021,
                -0.046,
                0.108,
                -0.027,
                0.099,
                0.077,
                0.067,
                0.038,
                -0.035,
                -0.030,
                0.199,
                0.071,
                -0.140,
                0.052,
                0.006,
                -0.003,
                -0.129,
                0.069,
                -0.101,
                0.017,
                0.150,
                0.046,
                0.115,
                0.135,
                0.086,
                0.050,
                0.100,
                -0.119,
                0.083,
                -0.005,
                0.130,
                -0.147,
                -0.100,
                0.035,
                0.016,
                -0.026,
                -0.028,
                0.055,
                -0.098,
                0.182,
                0.028,
                -0.030,
                0.113,
                0.029,
                -0.058,
                0.071,
                -0.040,
                0.096,
                0.099,
                0.069,
                0.065,
                0.006,
                0.197,
                -0.043,
                0.024,
                0.088,
                0.101,
                -0.026,
                0.018,
                0.164,
                -0.034,
                -0.185,
                -0.055,
                -0.072,
                0.032,
                0.069,
                -0.014,
                -0.161,
                0.053,
                0.132,
                -0.028,
                0.024,
                0.014,
                -0.142,
                -0.046,
                -0.068,
                0.019,
                -0.043,
                -0.042,
                0.006,
                -0.083,
                0.011,
                -0.122,
                -0.114,
                -0.173,
                0.051,
                0.076,
                -0.015,
                -0.063,
                0.085,
                -0.152,
                -0.065,
                0.061,
                -0.013,
                0.090,
                0.066,
            ],
        },
        InMemoryEntity {
            entity: "bac",
            occur_count: 9,
            vector: [
                -0.051,
                0.068,
                -0.037,
                -0.031,
                0.102,
                -0.092,
                -0.037,
                0.098,
                0.122,
                -0.003,
                -0.073,
                0.060,
                -0.158,
                0.048,
                0.130,
                0.061,
                0.015,
                0.178,
                -0.026,
                0.158,
                -0.077,
                0.116,
                0.026,
                0.022,
                0.108,
                0.031,
                0.061,
                -0.003,
                0.031,
                -0.133,
                0.195,
                -0.090,
                -0.021,
                -0.047,
                0.109,
                -0.026,
                0.098,
                0.077,
                0.067,
                0.037,
                -0.036,
                -0.030,
                0.199,
                0.071,
                -0.140,
                0.052,
                0.006,
                -0.002,
                -0.130,
                0.068,
                -0.101,
                0.017,
                0.151,
                0.047,
                0.115,
                0.134,
                0.087,
                0.049,
                0.099,
                -0.119,
                0.084,
                -0.004,
                0.131,
                -0.147,
                -0.100,
                0.034,
                0.016,
                -0.026,
                -0.028,
                0.056,
                -0.100,
                0.182,
                0.028,
                -0.030,
                0.113,
                0.030,
                -0.058,
                0.071,
                -0.040,
                0.095,
                0.099,
                0.070,
                0.065,
                0.006,
                0.197,
                -0.042,
                0.023,
                0.088,
                0.100,
                -0.026,
                0.019,
                0.165,
                -0.035,
                -0.185,
                -0.056,
                -0.073,
                0.032,
                0.069,
                -0.013,
                -0.161,
                0.053,
                0.132,
                -0.029,
                0.023,
                0.014,
                -0.142,
                -0.047,
                -0.069,
                0.019,
                -0.043,
                -0.042,
                0.007,
                -0.082,
                0.011,
                -0.121,
                -0.114,
                -0.172,
                0.051,
                0.076,
                -0.015,
                -0.062,
                0.085,
                -0.153,
                -0.066,
                0.062,
                -0.014,
                0.091,
                0.066,
            ],
        },
        InMemoryEntity {
            entity: "bca",
            occur_count: 6,
            vector: [
                -0.049,
                0.068,
                -0.039,
                -0.032,
                0.099,
                -0.096,
                -0.038,
                0.097,
                0.123,
                -0.002,
                -0.070,
                0.059,
                -0.159,
                0.049,
                0.129,
                0.060,
                0.014,
                0.178,
                -0.024,
                0.159,
                -0.075,
                0.118,
                0.028,
                0.027,
                0.110,
                0.033,
                0.062,
                -0.001,
                0.030,
                -0.133,
                0.193,
                -0.091,
                -0.022,
                -0.048,
                0.109,
                -0.023,
                0.097,
                0.077,
                0.068,
                0.035,
                -0.037,
                -0.030,
                0.198,
                0.072,
                -0.141,
                0.054,
                0.006,
                0.001,
                -0.132,
                0.068,
                -0.100,
                0.015,
                0.152,
                0.049,
                0.116,
                0.133,
                0.088,
                0.048,
                0.096,
                -0.119,
                0.086,
                -0.001,
                0.133,
                -0.147,
                -0.099,
                0.033,
                0.017,
                -0.026,
                -0.030,
                0.058,
                -0.103,
                0.181,
                0.028,
                -0.031,
                0.111,
                0.032,
                -0.056,
                0.070,
                -0.041,
                0.094,
                0.099,
                0.070,
                0.065,
                0.006,
                0.197,
                -0.040,
                0.021,
                0.086,
                0.098,
                -0.025,
                0.020,
                0.165,
                -0.036,
                -0.185,
                -0.058,
                -0.076,
                0.030,
                0.069,
                -0.011,
                -0.160,
                0.055,
                0.130,
                -0.029,
                0.021,
                0.015,
                -0.142,
                -0.050,
                -0.070,
                0.017,
                -0.043,
                -0.042,
                0.007,
                -0.079,
                0.009,
                -0.121,
                -0.113,
                -0.169,
                0.050,
                0.077,
                -0.014,
                -0.060,
                0.084,
                -0.154,
                -0.068,
                0.064,
                -0.016,
                0.093,
                0.065,
            ],
        },
        InMemoryEntity {
            entity: "r",
            occur_count: 34,
            vector: [
                0.093,
                0.082,
                -0.022,
                0.012,
                0.136,
                0.032,
                0.114,
                -0.058,
                0.059,
                -0.045,
                -0.169,
                0.087,
                -0.089,
                -0.008,
                -0.026,
                0.094,
                0.036,
                -0.007,
                -0.107,
                -0.029,
                -0.043,
                -0.171,
                -0.096,
                -0.036,
                -0.157,
                -0.045,
                -0.127,
                -0.051,
                -0.003,
                0.093,
                0.044,
                -0.023,
                0.104,
                0.012,
                0.120,
                0.115,
                0.082,
                0.051,
                0.032,
                0.011,
                0.151,
                0.142,
                0.042,
                -0.035,
                0.061,
                0.043,
                -0.041,
                -0.067,
                0.094,
                -0.048,
                0.048,
                0.113,
                -0.074,
                0.020,
                -0.095,
                -0.058,
                0.066,
                0.038,
                0.005,
                0.078,
                -0.055,
                0.219,
                -0.061,
                -0.004,
                0.005,
                -0.125,
                0.115,
                -0.092,
                0.024,
                -0.105,
                0.041,
                0.109,
                0.025,
                0.053,
                -0.073,
                0.032,
                0.092,
                0.128,
                -0.143,
                -0.140,
                -0.005,
                0.027,
                0.065,
                -0.097,
                0.060,
                0.050,
                -0.021,
                -0.207,
                0.067,
                -0.032,
                0.014,
                -0.058,
                0.194,
                0.101,
                -0.102,
                -0.062,
                0.033,
                0.023,
                0.125,
                0.002,
                -0.139,
                -0.104,
                -0.177,
                -0.039,
                0.078,
                0.039,
                -0.005,
                -0.102,
                0.162,
                0.012,
                0.039,
                -0.075,
                -0.063,
                0.240,
                -0.079,
                -0.098,
                -0.092,
                0.091,
                -0.142,
                -0.030,
                0.040,
                -0.065,
                0.065,
                0.034,
                -0.076,
                0.041,
                0.137,
                0.056,
            ],
        },
        InMemoryEntity {
            entity: "rr",
            occur_count: 18,
            vector: [
                0.091,
                0.082,
                -0.020,
                0.012,
                0.137,
                0.032,
                0.113,
                -0.059,
                0.060,
                -0.046,
                -0.168,
                0.088,
                -0.088,
                -0.009,
                -0.025,
                0.095,
                0.035,
                -0.008,
                -0.105,
                -0.029,
                -0.043,
                -0.172,
                -0.098,
                -0.035,
                -0.158,
                -0.045,
                -0.125,
                -0.050,
                -0.003,
                0.091,
                0.046,
                -0.024,
                0.103,
                0.011,
                0.121,
                0.114,
                0.083,
                0.050,
                0.033,
                0.012,
                0.151,
                0.142,
                0.042,
                -0.037,
                0.061,
                0.042,
                -0.041,
                -0.066,
                0.094,
                -0.049,
                0.047,
                0.115,
                -0.073,
                0.020,
                -0.095,
                -0.059,
                0.066,
                0.037,
                0.005,
                0.077,
                -0.053,
                0.219,
                -0.059,
                -0.006,
                0.005,
                -0.124,
                0.116,
                -0.091,
                0.024,
                -0.106,
                0.042,
                0.111,
                0.025,
                0.051,
                -0.074,
                0.031,
                0.094,
                0.129,
                -0.143,
                -0.140,
                -0.006,
                0.027,
                0.066,
                -0.096,
                0.060,
                0.050,
                -0.021,
                -0.207,
                0.066,
                -0.032,
                0.014,
                -0.060,
                0.194,
                0.100,
                -0.103,
                -0.061,
                0.032,
                0.023,
                0.124,
                0.001,
                -0.139,
                -0.104,
                -0.177,
                -0.041,
                0.078,
                0.038,
                -0.006,
                -0.102,
                0.162,
                0.012,
                0.038,
                -0.076,
                -0.063,
                0.239,
                -0.080,
                -0.098,
                -0.092,
                0.091,
                -0.141,
                -0.030,
                0.039,
                -0.066,
                0.065,
                0.033,
                -0.077,
                0.040,
                0.137,
                0.056,
            ],
        },
        InMemoryEntity {
            entity: "rrr",
            occur_count: 25,
            vector: [
                0.095,
                0.083,
                -0.024,
                0.012,
                0.134,
                0.030,
                0.114,
                -0.057,
                0.059,
                -0.043,
                -0.170,
                0.086,
                -0.090,
                -0.007,
                -0.027,
                0.091,
                0.038,
                -0.005,
                -0.108,
                -0.028,
                -0.043,
                -0.170,
                -0.094,
                -0.036,
                -0.157,
                -0.045,
                -0.128,
                -0.052,
                -0.003,
                0.094,
                0.043,
                -0.022,
                0.106,
                0.012,
                0.118,
                0.115,
                0.082,
                0.053,
                0.030,
                0.009,
                0.152,
                0.142,
                0.042,
                -0.034,
                0.061,
                0.044,
                -0.041,
                -0.069,
                0.093,
                -0.046,
                0.050,
                0.111,
                -0.074,
                0.020,
                -0.096,
                -0.057,
                0.067,
                0.039,
                0.004,
                0.079,
                -0.057,
                0.219,
                -0.063,
                -0.002,
                0.003,
                -0.126,
                0.113,
                -0.093,
                0.024,
                -0.104,
                0.040,
                0.107,
                0.025,
                0.055,
                -0.072,
                0.033,
                0.089,
                0.126,
                -0.143,
                -0.140,
                -0.005,
                0.026,
                0.065,
                -0.099,
                0.060,
                0.049,
                -0.020,
                -0.208,
                0.069,
                -0.032,
                0.013,
                -0.056,
                0.193,
                0.103,
                -0.101,
                -0.064,
                0.034,
                0.025,
                0.125,
                0.003,
                -0.138,
                -0.103,
                -0.176,
                -0.037,
                0.078,
                0.039,
                -0.004,
                -0.102,
                0.163,
                0.012,
                0.041,
                -0.074,
                -0.064,
                0.240,
                -0.078,
                -0.098,
                -0.093,
                0.090,
                -0.143,
                -0.029,
                0.041,
                -0.064,
                0.066,
                0.035,
                -0.074,
                0.043,
                0.137,
                0.057,
            ],
        },
    ],
}
